{
    "query": "query { getMessages { id text created_at user { name } } }"
}